{
  "name": "example",
  "description": "The best Node.js module ever.",
  "version": "0.1.0",
  "homepage": "https://github.com/franklin/node-example",
  "author": {
    "name": "franklin",
    "email": "franklin@weareinteractive.com"
  },
  "repository": {
    "type": "git",
    "url": "git://github.com/franklin/node-example.git"
  },
  "bugs": {
    "url": "https://github.com/franklin/node-example/issues"
  },
  "licenses": [
    {
      "type": "MIT",
      "url": "https://github.com/franklin/node-example/blob/master/LICENSE-MIT"
    }
  ],
  "main": "lib/example",
  "bin": "bin/example",
  "engines": {
    "node": ">= 0.8.0"
  },
  "scripts": {
    "test": "grunt test"
  },
  "devDependencies": {
    "chai": "~1.8.0",
    "grunt-coffeelint": "0.0.7",
    "grunt-contrib-coffee": "~0.7.0",
    "grunt-mocha-cov": "0.0.7",
    "coffee-script": "~1.6.3",
    "grunt-bumper": "~1.0.0",
    "grunt": "~0.4.1"
  },
  "keywords": []
}